
> polymarket-monitoring-bot@1.0.0 test
> jest

node.exe : PASS tests/unit/TimeSeriesDB.test.ts
Au caractère C:\Program Files\nodejs\npm.ps1:29 : 3
+   & $NODE_EXE $NPM_CLI_JS $args
+   ~~~~~~~~~~~~~~~~~~~~~~~~~~~~~
    + CategoryInfo          : NotSpecified: (PASS tests/unit/TimeSeriesDB.test.ts:String) [], RemoteException
    + FullyQualifiedErrorId : NativeCommandError
 
[2026-04-16T10:48:07.295Z] [ERROR] Telegram alert failed after all retries, writing to failed-alerts.log {"error":{"message":"HTTP 500: Internal Server 
Error","stack":"Error: HTTP 500: Internal Server Error\n    at TelegramNotifier._doSend 
(C:\\Users\\Alexandre\\Desktop\\jeremie\\Polynsider\\src\\notifications\\TelegramNotifier.ts:80:21)\n    at processTicksAndRejections 
(node:internal/process/task_queues:105:5)"}}
[2026-04-16T10:48:07.298Z] [ERROR] Telegram alert failed after all retries, writing to failed-alerts.log {"error":{"message":"HTTP 500: Internal Server 
Error","stack":"Error: HTTP 500: Internal Server Error\n    at TelegramNotifier._doSend 
(C:\\Users\\Alexandre\\Desktop\\jeremie\\Polynsider\\src\\notifications\\TelegramNotifier.ts:80:21)\n    at processTicksAndRejections 
(node:internal/process/task_queues:105:5)"}}
[2026-04-16T10:48:07.299Z] [ERROR] Telegram alert failed after all retries, writing to failed-alerts.log {"error":{"message":"HTTP 500: Internal Server 
Error","stack":"Error: HTTP 500: Internal Server Error\n    at TelegramNotifier._doSend 
(C:\\Users\\Alexandre\\Desktop\\jeremie\\Polynsider\\src\\notifications\\TelegramNotifier.ts:80:21)\n    at processTicksAndRejections 
(node:internal/process/task_queues:105:5)"}}
[2026-04-16T10:48:07.321Z] [ERROR] Telegram alert failed after all retries, writing to failed-alerts.log {"error":{"message":"Network 
failure","stack":"Error: Network failure\n    at Object.<anonymous> 
(C:\\Users\\Alexandre\\Desktop\\jeremie\\Polynsider\\tests\\unit\\TelegramNotifier.test.ts:171:32)\n    at Promise.then.completed 
(C:\\Users\\Alexandre\\Desktop\\jeremie\\Polynsider\\node_modules\\jest-circus\\build\\utils.js:298:28)\n    at new Promise (<anonymous>)\n    at 
callAsyncCircusFn (C:\\Users\\Alexandre\\Desktop\\jeremie\\Polynsider\\node_modules\\jest-circus\\build\\utils.js:231:10)\n    at _callCircusTest 
(C:\\Users\\Alexandre\\Desktop\\jeremie\\Polynsider\\node_modules\\jest-circus\\build\\run.js:316:40)\n    at processTicksAndRejections 
(node:internal/process/task_queues:105:5)\n    at _runTest 
(C:\\Users\\Alexandre\\Desktop\\jeremie\\Polynsider\\node_modules\\jest-circus\\build\\run.js:252:3)\n    at _runTestsForDescribeBlock 
(C:\\Users\\Alexandre\\Desktop\\jeremie\\Polynsider\\node_modules\\jest-circus\\build\\run.js:126:9)\n    at _runTestsForDescribeBlock 
(C:\\Users\\Alexandre\\Desktop\\jeremie\\Polynsider\\node_modules\\jest-circus\\build\\run.js:121:9)\n    at run 
(C:\\Users\\Alexandre\\Desktop\\jeremie\\Polynsider\\node_modules\\jest-circus\\build\\run.js:71:3)\n    at runAndTransformResultsToJestFormat 
(C:\\Users\\Alexandre\\Desktop\\jeremie\\Polynsider\\node_modules\\jest-circus\\build\\legacy-code-todo-rewrite\\jestAdapterInit.js:122:21)\n    at 
jestAdapter (C:\\Users\\Alexandre\\Desktop\\jeremie\\Polynsider\\node_modules\\jest-circus\\build\\legacy-code-todo-rewrite\\jestAdapter.js:79:19)\n    
at runTestInternal (C:\\Users\\Alexandre\\Desktop\\jeremie\\Polynsider\\node_modules\\jest-runner\\build\\runTest.js:367:16)\n    at runTest 
(C:\\Users\\Alexandre\\Desktop\\jeremie\\Polynsider\\node_modules\\jest-runner\\build\\runTest.js:444:34)\n    at Object.worker 
(C:\\Users\\Alexandre\\Desktop\\jeremie\\Polynsider\\node_modules\\jest-runner\\build\\testWorker.js:106:12)"}}
PASS tests/unit/TelegramNotifier.test.ts
[2026-04-16T10:48:07.609Z] [ERROR] TimeSeriesDB initSchema failed {"error":{"code":"ECONNREFUSED"}}
FAIL tests/integration/hybrid-detection.test.ts
  ÔùÅ Hybrid Anomaly Detection ÔÇ║ Market-Level Detection (Polymarket API) ÔÇ║ should detect rapid odds shift using Polymarket API data

    AggregateError:

    [0m [90m 103 |[39m     [36mlet[39m client[33m:[39m [33mPoolClient[39m [33m|[39m [36mnull[39m [33m=[39m [36mnull[39m[33m;[39m
     [90m 104 |[39m     [36mtry[39m {
    [31m[1m>[22m[39m[90m 105 |[39m       client [33m=[39m [36mawait[39m [36mthis[39m[33m.[39mpool[33m.[39mconnect()[33m;[39m
     [90m     |[39m                [31m[1m^[22m[39m
     [90m 106 |[39m
     [90m 107 |[39m       [90m// Ensure schema_version table exists (always safe to run)[39m
     [90m 108 |[39m       [36mawait[39m client[33m.[39mquery([33mSCHEMA_VERSION_SQL[39m)[33m;[39m[0m

      at node_modules/pg-pool/index.js:45:11
      at TimeSeriesDB.initSchema (src/db/TimeSeriesDB.ts:105:16)
      at TimeSeriesDB.connect (src/db/TimeSeriesDB.ts:91:5)
      at Object.<anonymous> (tests/integration/hybrid-detection.test.ts:60:5)

  ÔùÅ Hybrid Anomaly Detection ÔÇ║ Market-Level Detection (Polymarket API) ÔÇ║ should fallback to local data when Polymarket API fails

    AggregateError:

    [0m [90m 103 |[39m     [36mlet[39m client[33m:[39m [33mPoolClient[39m [33m|[39m [36mnull[39m [33m=[39m [36mnull[39m[33m;[39m
     [90m 104 |[39m     [36mtry[39m {
    [31m[1m>[22m[39m[90m 105 |[39m       client [33m=[39m [36mawait[39m [36mthis[39m[33m.[39mpool[33m.[39mconnect()[33m;[39m
     [90m     |[39m                [31m[1m^[22m[39m
     [90m 106 |[39m
     [90m 107 |[39m       [90m// Ensure schema_version table exists (always safe to run)[39m
     [90m 108 |[39m       [36mawait[39m client[33m.[39mquery([33mSCHEMA_VERSION_SQL[39m)[33m;[39m[0m

      at node_modules/pg-pool/index.js:45:11
      at TimeSeriesDB.initSchema (src/db/TimeSeriesDB.ts:105:16)
      at TimeSeriesDB.connect (src/db/TimeSeriesDB.ts:91:5)
      at Object.<anonymous> (tests/integration/hybrid-detection.test.ts:60:5)

  ÔùÅ Hybrid Anomaly Detection ÔÇ║ Wallet-Level Behavioral Detection (Alchemy) ÔÇ║ should detect whale activity using behavioral Z-score

    AggregateError:

    [0m [90m 103 |[39m     [36mlet[39m client[33m:[39m [33mPoolClient[39m [33m|[39m [36mnull[39m [33m=[39m [36mnull[39m[33m;[39m
     [90m 104 |[39m     [36mtry[39m {
    [31m[1m>[22m[39m[90m 105 |[39m       client [33m=[39m [36mawait[39m [36mthis[39m[33m.[39mpool[33m.[39mconnect()[33m;[39m
     [90m     |[39m                [31m[1m^[22m[39m
     [90m 106 |[39m
     [90m 107 |[39m       [90m// Ensure schema_version table exists (always safe to run)[39m
     [90m 108 |[39m       [36mawait[39m client[33m.[39mquery([33mSCHEMA_VERSION_SQL[39m)[33m;[39m[0m

      at node_modules/pg-pool/index.js:45:11
      at TimeSeriesDB.initSchema (src/db/TimeSeriesDB.ts:105:16)
      at TimeSeriesDB.connect (src/db/TimeSeriesDB.ts:91:5)
      at Object.<anonymous> (tests/integration/hybrid-detection.test.ts:60:5)

  ÔùÅ Hybrid Anomaly Detection ÔÇ║ Wallet-Level Behavioral Detection (Alchemy) ÔÇ║ should NOT alert for whale who trades normally large amounts

    AggregateError:

    [0m [90m 103 |[39m     [36mlet[39m client[33m:[39m [33mPoolClient[39m [33m|[39m [36mnull[39m [33m=[39m [36mnull[39m[33m;[39m
     [90m 104 |[39m     [36mtry[39m {
    [31m[1m>[22m[39m[90m 105 |[39m       client [33m=[39m [36mawait[39m [36mthis[39m[33m.[39mpool[33m.[39mconnect()[33m;[39m
     [90m     |[39m                [31m[1m^[22m[39m
     [90m 106 |[39m
     [90m 107 |[39m       [90m// Ensure schema_version table exists (always safe to run)[39m
     [90m 108 |[39m       [36mawait[39m client[33m.[39mquery([33mSCHEMA_VERSION_SQL[39m)[33m;[39m[0m

      at node_modules/pg-pool/index.js:45:11
      at TimeSeriesDB.initSchema (src/db/TimeSeriesDB.ts:105:16)
      at TimeSeriesDB.connect (src/db/TimeSeriesDB.ts:91:5)
      at Object.<anonymous> (tests/integration/hybrid-detection.test.ts:60:5)

  ÔùÅ Hybrid Anomaly Detection ÔÇ║ Wallet-Level Behavioral Detection (Alchemy) ÔÇ║ should fallback to market-level detection when wallet history 
insufficient

    AggregateError:

    [0m [90m 103 |[39m     [36mlet[39m client[33m:[39m [33mPoolClient[39m [33m|[39m [36mnull[39m [33m=[39m [36mnull[39m[33m;[39m
     [90m 104 |[39m     [36mtry[39m {
    [31m[1m>[22m[39m[90m 105 |[39m       client [33m=[39m [36mawait[39m [36mthis[39m[33m.[39mpool[33m.[39mconnect()[33m;[39m
     [90m     |[39m                [31m[1m^[22m[39m
     [90m 106 |[39m
     [90m 107 |[39m       [90m// Ensure schema_version table exists (always safe to run)[39m
     [90m 108 |[39m       [36mawait[39m client[33m.[39mquery([33mSCHEMA_VERSION_SQL[39m)[33m;[39m[0m

      at node_modules/pg-pool/index.js:45:11
      at TimeSeriesDB.initSchema (src/db/TimeSeriesDB.ts:105:16)
      at TimeSeriesDB.connect (src/db/TimeSeriesDB.ts:91:5)
      at Object.<anonymous> (tests/integration/hybrid-detection.test.ts:60:5)

  ÔùÅ Hybrid Anomaly Detection ÔÇ║ Insider Trading with Behavioral Context ÔÇ║ should detect insider trading with both market and wallet signals

    AggregateError:

    [0m [90m 103 |[39m     [36mlet[39m client[33m:[39m [33mPoolClient[39m [33m|[39m [36mnull[39m [33m=[39m [36mnull[39m[33m;[39m
     [90m 104 |[39m     [36mtry[39m {
    [31m[1m>[22m[39m[90m 105 |[39m       client [33m=[39m [36mawait[39m [36mthis[39m[33m.[39mpool[33m.[39mconnect()[33m;[39m
     [90m     |[39m                [31m[1m^[22m[39m
     [90m 106 |[39m
     [90m 107 |[39m       [90m// Ensure schema_version table exists (always safe to run)[39m
     [90m 108 |[39m       [36mawait[39m client[33m.[39mquery([33mSCHEMA_VERSION_SQL[39m)[33m;[39m[0m

      at node_modules/pg-pool/index.js:45:11
      at TimeSeriesDB.initSchema (src/db/TimeSeriesDB.ts:105:16)
      at TimeSeriesDB.connect (src/db/TimeSeriesDB.ts:91:5)
      at Object.<anonymous> (tests/integration/hybrid-detection.test.ts:60:5)

[2026-04-16T10:48:07.583Z] [INFO ] Redis connected
[2026-04-16T10:48:07.602Z] [INFO ] Redis ready
[2026-04-16T10:48:07.636Z] [INFO ] Redis disconnected
PASS tests/property/BlockchainAnalyzer.property.test.ts
PASS tests/property/TimeSeriesDB.property.test.ts
PASS tests/property/ClusterDetector.property.test.ts
PASS tests/integration/graceful-degradation.test.ts
PASS tests/integration/graceful-degradation.property.test.ts
PASS tests/unit/BlockchainAnalyzer.test.ts
PASS tests/unit/ClusterDetector.test.ts
PASS tests/property/AnalyzerService.property.test.ts
PASS tests/property/TradeFilter.property.test.ts
PASS tests/property/WebSocketManager.property.test.ts
PASS tests/integration/redis-persistence.property.test.ts
PASS tests/property/RedisCache.property.test.ts
PASS tests/property/helpers.property.test.ts
PASS tests/unit/RedisCache.test.ts
PASS tests/unit/WebSocketManager.test.ts
PASS tests/unit/ConfigManager.test.ts
PASS tests/integration/websocket-reconnection.test.ts
PASS tests/integration/redis-stream.test.ts
PASS tests/unit/TradeFilter.test.ts
PASS tests/unit/AlertFormatter.test.ts
PASS tests/integration/e2e.test.ts
PASS tests/property/AlertFormatter.property.test.ts

Summary of all failing tests
FAIL tests/integration/hybrid-detection.test.ts
  ÔùÅ Hybrid Anomaly Detection ÔÇ║ Market-Level Detection (Polymarket API) ÔÇ║ should detect rapid odds shift using Polymarket API data

    AggregateError:

    [0m [90m 103 |[39m     [36mlet[39m client[33m:[39m [33mPoolClient[39m [33m|[39m [36mnull[39m [33m=[39m [36mnull[39m[33m;[39m
     [90m 104 |[39m     [36mtry[39m {
    [31m[1m>[22m[39m[90m 105 |[39m       client [33m=[39m [36mawait[39m [36mthis[39m[33m.[39mpool[33m.[39mconnect()[33m;[39m
     [90m     |[39m                [31m[1m^[22m[39m
     [90m 106 |[39m
     [90m 107 |[39m       [90m// Ensure schema_version table exists (always safe to run)[39m
     [90m 108 |[39m       [36mawait[39m client[33m.[39mquery([33mSCHEMA_VERSION_SQL[39m)[33m;[39m[0m

      at node_modules/pg-pool/index.js:45:11
      at TimeSeriesDB.initSchema (src/db/TimeSeriesDB.ts:105:16)
      at TimeSeriesDB.connect (src/db/TimeSeriesDB.ts:91:5)
      at Object.<anonymous> (tests/integration/hybrid-detection.test.ts:60:5)

  ÔùÅ Hybrid Anomaly Detection ÔÇ║ Market-Level Detection (Polymarket API) ÔÇ║ should fallback to local data when Polymarket API fails

    AggregateError:

    [0m [90m 103 |[39m     [36mlet[39m client[33m:[39m [33mPoolClient[39m [33m|[39m [36mnull[39m [33m=[39m [36mnull[39m[33m;[39m
     [90m 104 |[39m     [36mtry[39m {
    [31m[1m>[22m[39m[90m 105 |[39m       client [33m=[39m [36mawait[39m [36mthis[39m[33m.[39mpool[33m.[39mconnect()[33m;[39m
     [90m     |[39m                [31m[1m^[22m[39m
     [90m 106 |[39m
     [90m 107 |[39m       [90m// Ensure schema_version table exists (always safe to run)[39m
     [90m 108 |[39m       [36mawait[39m client[33m.[39mquery([33mSCHEMA_VERSION_SQL[39m)[33m;[39m[0m

      at node_modules/pg-pool/index.js:45:11
      at TimeSeriesDB.initSchema (src/db/TimeSeriesDB.ts:105:16)
      at TimeSeriesDB.connect (src/db/TimeSeriesDB.ts:91:5)
      at Object.<anonymous> (tests/integration/hybrid-detection.test.ts:60:5)

  ÔùÅ Hybrid Anomaly Detection ÔÇ║ Wallet-Level Behavioral Detection (Alchemy) ÔÇ║ should detect whale activity using behavioral Z-score

    AggregateError:

    [0m [90m 103 |[39m     [36mlet[39m client[33m:[39m [33mPoolClient[39m [33m|[39m [36mnull[39m [33m=[39m [36mnull[39m[33m;[39m
     [90m 104 |[39m     [36mtry[39m {
    [31m[1m>[22m[39m[90m 105 |[39m       client [33m=[39m [36mawait[39m [36mthis[39m[33m.[39mpool[33m.[39mconnect()[33m;[39m
     [90m     |[39m                [31m[1m^[22m[39m
     [90m 106 |[39m
     [90m 107 |[39m       [90m// Ensure schema_version table exists (always safe to run)[39m
     [90m 108 |[39m       [36mawait[39m client[33m.[39mquery([33mSCHEMA_VERSION_SQL[39m)[33m;[39m[0m

      at node_modules/pg-pool/index.js:45:11
      at TimeSeriesDB.initSchema (src/db/TimeSeriesDB.ts:105:16)
      at TimeSeriesDB.connect (src/db/TimeSeriesDB.ts:91:5)
      at Object.<anonymous> (tests/integration/hybrid-detection.test.ts:60:5)

  ÔùÅ Hybrid Anomaly Detection ÔÇ║ Wallet-Level Behavioral Detection (Alchemy) ÔÇ║ should NOT alert for whale who trades normally large amounts

    AggregateError:

    [0m [90m 103 |[39m     [36mlet[39m client[33m:[39m [33mPoolClient[39m [33m|[39m [36mnull[39m [33m=[39m [36mnull[39m[33m;[39m
     [90m 104 |[39m     [36mtry[39m {
    [31m[1m>[22m[39m[90m 105 |[39m       client [33m=[39m [36mawait[39m [36mthis[39m[33m.[39mpool[33m.[39mconnect()[33m;[39m
     [90m     |[39m                [31m[1m^[22m[39m
     [90m 106 |[39m
     [90m 107 |[39m       [90m// Ensure schema_version table exists (always safe to run)[39m
     [90m 108 |[39m       [36mawait[39m client[33m.[39mquery([33mSCHEMA_VERSION_SQL[39m)[33m;[39m[0m

      at node_modules/pg-pool/index.js:45:11
      at TimeSeriesDB.initSchema (src/db/TimeSeriesDB.ts:105:16)
      at TimeSeriesDB.connect (src/db/TimeSeriesDB.ts:91:5)
      at Object.<anonymous> (tests/integration/hybrid-detection.test.ts:60:5)

  ÔùÅ Hybrid Anomaly Detection ÔÇ║ Wallet-Level Behavioral Detection (Alchemy) ÔÇ║ should fallback to market-level detection when wallet history 
insufficient

    AggregateError:

    [0m [90m 103 |[39m     [36mlet[39m client[33m:[39m [33mPoolClient[39m [33m|[39m [36mnull[39m [33m=[39m [36mnull[39m[33m;[39m
     [90m 104 |[39m     [36mtry[39m {
    [31m[1m>[22m[39m[90m 105 |[39m       client [33m=[39m [36mawait[39m [36mthis[39m[33m.[39mpool[33m.[39mconnect()[33m;[39m
     [90m     |[39m                [31m[1m^[22m[39m
     [90m 106 |[39m
     [90m 107 |[39m       [90m// Ensure schema_version table exists (always safe to run)[39m
     [90m 108 |[39m       [36mawait[39m client[33m.[39mquery([33mSCHEMA_VERSION_SQL[39m)[33m;[39m[0m

      at node_modules/pg-pool/index.js:45:11
      at TimeSeriesDB.initSchema (src/db/TimeSeriesDB.ts:105:16)
      at TimeSeriesDB.connect (src/db/TimeSeriesDB.ts:91:5)
      at Object.<anonymous> (tests/integration/hybrid-detection.test.ts:60:5)

  ÔùÅ Hybrid Anomaly Detection ÔÇ║ Insider Trading with Behavioral Context ÔÇ║ should detect insider trading with both market and wallet signals

    AggregateError:

    [0m [90m 103 |[39m     [36mlet[39m client[33m:[39m [33mPoolClient[39m [33m|[39m [36mnull[39m [33m=[39m [36mnull[39m[33m;[39m
     [90m 104 |[39m     [36mtry[39m {
    [31m[1m>[22m[39m[90m 105 |[39m       client [33m=[39m [36mawait[39m [36mthis[39m[33m.[39mpool[33m.[39mconnect()[33m;[39m
     [90m     |[39m                [31m[1m^[22m[39m
     [90m 106 |[39m
     [90m 107 |[39m       [90m// Ensure schema_version table exists (always safe to run)[39m
     [90m 108 |[39m       [36mawait[39m client[33m.[39mquery([33mSCHEMA_VERSION_SQL[39m)[33m;[39m[0m

      at node_modules/pg-pool/index.js:45:11
      at TimeSeriesDB.initSchema (src/db/TimeSeriesDB.ts:105:16)
      at TimeSeriesDB.connect (src/db/TimeSeriesDB.ts:91:5)
      at Object.<anonymous> (tests/integration/hybrid-detection.test.ts:60:5)


Test Suites: 1 failed, 24 passed, 25 total
Tests:       6 failed, 279 passed, 285 total
Snapshots:   0 total
Time:        9.148 s
Ran all test suites.
